../Core/Src/main.c:96:9:Calculate_Checksum	24	static
../Core/Src/main.c:104:6:HAL_UARTEx_RxEventCallback	16	static
../Core/Src/main.c:126:5:main	32	static
../Core/Src/main.c:218:6:SystemClock_Config	88	static
../Core/Src/main.c:264:13:MX_CRC_Init	8	static
../Core/Src/main.c:290:13:MX_UART4_Init	8	static
../Core/Src/main.c:323:13:MX_UART5_Init	8	static
../Core/Src/main.c:356:13:MX_UART7_Init	8	static
../Core/Src/main.c:387:13:MX_DMA_Init	16	static
../Core/Src/main.c:411:13:MX_GPIO_Init	56	static
../Core/Src/main.c:520:6:Error_Handler	4	static,ignoring_inline_asm
